ASxxxx Linker V03.00 + NoICE + sdld,  page 1.
Hexadecimal  [32-Bits]

Area                                    Addr        Size        Decimal Bytes (Attributes)
--------------------------------        ----        ----        ------- ----- ------------
.  .ABS.                            00000000    00000000 =           0. bytes (ABS,CON)

      Value  Global                              Global Defined In Module
      -----  --------------------------------   ------------------------
     00000000  .__.ABS.                           cpct_video
     00000000  l__CABS                         
     00000000  l__DABS                         
     00000000  l__GSFINAL                      
     00000000  l__GSINIT                       
     00000000  l__HOME                         
     00000000  l__INITIALIZED                  
     00000000  l__INITIALIZER                  
     00000000  l___Demo                        
     00000000  s__CABS                         
     00000000  s__DABS                         
     00000000  s___Demo                        
     00000000  s___Demo0                       
     0000009B  l__DATA                         
     00001C4E  l___Demo0                       
     00004000  s__CODE                         
     00004E1E  l__CODE                         
     00008E1E  s__DATA                         
     00008EB9  s__GSFINAL                      
     00008EB9  s__GSINIT                       
     00008EB9  s__HOME                         
     00008EB9  s__INITIALIZED                  
     00008EB9  s__INITIALIZER                  

ASxxxx Linker V03.00 + NoICE + sdld,  page 2.
Hexadecimal  [32-Bits]

Area                                    Addr        Size        Decimal Bytes (Attributes)
--------------------------------        ----        ----        ------- ----- ------------
_CODE                               00004000    00004E1E =       19998. bytes (REL,CON)

      Value  Global                              Global Defined In Module
      -----  --------------------------------   ------------------------
     00004000  _granada                           granada
     00007E80  _rightpng                          rightpng
     00007F20  _pera                              pera
     00007F68  _manzana                           manzana
     00007FB0  _derecha_2_lleno                   derecha_2_lleno
     00008050  _derecha_2                         derecha_2
     000080F0  _derecha_lleno                     derecha_lleno
     00008118  _BW                                BW
     0000811A  _main                              main
     00008125  _inicia                            main
     00008139  _a_jugar                           main
     0000814B  _mientras_juego                    main
     00008162  _cambiar_sprites                   main
     00008176  _iniciar_valores                   definiciones
     000081C3  _inicia_objetos                    definiciones
     000081E2  _player_init                       definiciones
     000081EC  _manzana_init                      definiciones
     000081F6  _pera_init                         definiciones
     00008200  _pera2_init                        definiciones
     0000820A  _borra                             borra
     0000826A  _borra_objeto                      borra
     00008299  _muere                             fin_juego
     000082A9  _fin_juego                         fin_juego
     00008312  _espera_pulsacion_tecla            fin_juego
     00008323  _espera_pulsar                     fin_juego
     00008326  _fisica                            fisica
     0000833C  _baja                              fisica
     0000835B  _sube                              fisica
     00008378  _vacia_vaso                        fisica
     000083AC  _fisica_objetos                    fisica_objetos
     00008434  _comprobar_recojida                fisica_objetos
     00008483  _pinta_marcador                    marcador
     000084C3  _pinta_puntos                      marcador
     00008518  _pintar_sprites                    pintar
     00008535  _suma_puntos                       puntuacion
     00008570  _teclado                           teclado
     000085B3  _menu_juego                        menu
     00008629  _retromaniac                       menu
     00008668  _base                              base
     0000885C  _mover_pila                        cpct_keyboard
     00008862  _borrar_ambas_pantallas            cpct_keyboard
     00008870  _espera_pulsacion_alguna_tecla     rutinas_espera_tecla.s
     00008881  _q_esta_pulsada                    rutinas_espera_tecla.s
     00008882  _a_esta_pulsada                    rutinas_espera_tecla.s
     00008883  _comprueba_que_arriba_no_este_pu   rutinas_espera_tecla.s
     0000889A  _comprueba_que_abajo_no_este_pul   rutinas_espera_tecla.s
     000088AE  fin_teclado                        rutinas_espera_tecla.s
     000088AF  IR                                 rupturas.s
     000088B0  _control_interrupciones            rupturas.s
     000088C8  int_1                              rupturas.s
ASxxxx Linker V03.00 + NoICE + sdld,  page 3.
Hexadecimal  [32-Bits]

Area                                    Addr        Size        Decimal Bytes (Attributes)
--------------------------------        ----        ----        ------- ----- ------------
_CODE                               00004000    00004E1E =       19998. bytes (REL,CON)

      Value  Global                              Global Defined In Module
      -----  --------------------------------   ------------------------
     000088E3  int_2                              rupturas.s
     000088FE  int_3                              rupturas.s
     00008919  int_4                              rupturas.s
     00008934  int_5                              rupturas.s
     0000894F  int_6                              rupturas.s
     0000896A  _fisica_objetos_con_array          fisica_objetos.s
     0000896F  _pinta_objeto                      cpct_keyboard
     00008971  _pinta_con_puntero                 cpct_keyboard
     00008993  _cpct_isKeyPressed                 cpct_keyboard
     00008993  cpct_isKeyPressed_asm              cpct_keyboard
     0000899F  _cpct_scanKeyboard_f               cpct_keyboard
     0000899F  cpct_scanKeyboard_f_asm            cpct_keyboard
     00008A09  _cpct_setPALColour                 cpct_video
     00008A15  cpct_setPALColour_asm              cpct_video
     00008A1F  _cpct_drawStringM0                 cpct_strings
     00008A59  _cpct_drawStringM2                 cpct_strings
     00008A88  cpct_drawCharM0_inner_asm          cpct_strings
     00008AE8  dc_2pxtableM0                      cpct_strings
     00008AEC  _cpct_drawSprite                   cpct_sprites
     00008B91  cpct_drawSprite_asm                cpct_sprites
     00008C31  cpct_drawCharM2_inner_asm          cpct_strings
     00008C40  cpct_charm2imc                     cpct_strings
     00008C57  _cpct_drawCharM2                   cpct_strings
     00008C72  _cpct_keyboardStatusBuffer         cpct_keyboard
     00008C7C  _cpct_memset_f64                   cpct_memutils
     00008CC7  _cpct_waitVSYNC                    cpct_video
     00008CC7  cpct_waitVSYNC_asm                 cpct_video
     00008CCF  _cpct_setVideoMode                 cpct_video
     00008CDD  cpct_setVideoMode_asm              cpct_video
     00008CEA  _cpct_isAnyKeyPressed_f            cpct_keyboard
     00008CEA  cpct_isAnyKeyPressed_f_asm         cpct_keyboard
     00008D05  _cpct_memcpy                       cpct_memutils
     00008D0D  _cpct_disableFirmware              cpct_firmware
     00008D0D  _cpct_removeInterruptHandler       cpct_firmware
     00008D0D  cpct_disableFirmware_asm           cpct_firmware
     00008D0D  cpct_removeInterruptHandler_asm    cpct_firmware
     00008D1D  _cpct_drawSolidBox                 cpct_sprites
     00008DC4  _cpct_mode_rom_status              cpct_firmware
     00008DC5  _cpct_scanKeyboard                 cpct_keyboard
     00008DC5  cpct_scanKeyboard_asm              cpct_keyboard
     00008DF6  _cpct_getScreenPtr                 cpct_video
     00008E0C  cpct_getScreenPtr_asm              cpct_video

ASxxxx Linker V03.00 + NoICE + sdld,  page 4.
Hexadecimal  [32-Bits]

Area                                    Addr        Size        Decimal Bytes (Attributes)
--------------------------------        ----        ----        ------- ----- ------------
_DATA                               00008E1E    0000009B =         155. bytes (REL,CON)

      Value  Global                              Global Defined In Module
      -----  --------------------------------   ------------------------
     00008E1E  _vmem_ahora                        main
     00008E20  _x_jugador                         definiciones
     00008E21  _y_jugador                         definiciones
     00008E22  _spr_jugador                       definiciones
     00008E24  _vy_jug                            definiciones
     00008E25  _x_pera                            definiciones
     00008E26  _y_pera                            definiciones
     00008E27  _spr_pera                          definiciones
     00008E29  _vx_pera                           definiciones
     00008E2A  _x_manzana                         definiciones
     00008E2B  _y_manzana                         definiciones
     00008E2C  _spr_manzana                       definiciones
     00008E2E  _vx_manzana                        definiciones
     00008E2F  _caida_objeto                      definiciones
     00008E30  _x_start_manzana                   definiciones
     00008E31  _y_start_manzana                   definiciones
     00008E32  _puntos_decena                     definiciones
     00008E33  _puntos_centena                    definiciones
     00008E34  _vidas                             definiciones
     00008E35  _array                             definiciones
     00008E99  _player                            definiciones
     00008EA3  _item1                             definiciones
     00008EAD  _pjugador                          definiciones
     00008EAF  _ppera                             definiciones
     00008EB1  _pmanzana                          definiciones
     00008EB3  _vaso_lleno                        definiciones
     00008EB4  _hisc                              definiciones
     00008EB5  _obj_caido                         fisica_objetos
     00008EB7  _pi                                fisica_objetos
     00008EB8  _puntos                            marcador
ASxxxx Linker V03.00 + NoICE + sdld,  page 5.
Hexadecimal  [32-Bits]

Area                                    Addr        Size        Decimal Bytes (Attributes)
--------------------------------        ----        ----        ------- ----- ------------
__Demo0                             00000000    00001C4E =        7246. bytes (ABS,CON)

      Value  Global                              Global Defined In Module
      -----  --------------------------------   ------------------------
     000079D8  _Demo                              

ASxxxx Linker V03.00 + NoICE + sdld,  page 6.

Files Linked                              [ module(s) ]

obj/media/granada.rel                     [ granada ]
obj/media/rightpng.rel                    [ rightpng ]
obj/media/pera.rel                        [ pera ]
obj/media/manzana.rel                     [ manzana ]
obj/media/derecha_2_lleno.rel             [ derecha_2_lleno ]
obj/media/derecha_2.rel                   [ derecha_2 ]
obj/media/derecha_lleno.rel               [ derecha_lleno ]
obj/media/BW.rel                          [ BW ]
obj/main.rel                              [ main ]
obj/datos/definiciones.rel                [ definiciones ]
obj/sistemas/borra.rel                    [ borra ]
obj/sistemas/fin_juego.rel                [ fin_juego ]
obj/sistemas/fisica.rel                   [ fisica ]
obj/sistemas/fisica_objetos.rel           [ fisica_objetos ]
obj/sistemas/marcador.rel                 [ marcador ]
obj/sistemas/pintar.rel                   [ pintar ]
obj/sistemas/puntuacion.rel               [ puntuacion ]
obj/sistemas/teclado.rel                  [ teclado ]
obj/manager/menu.rel                      [ menu ]
obj/media/base.rel                        [ base ]
obj/borrar_pantallas.rel                  [ cpct_keyboard ]
obj/espera_tecla.rel                      [ rutinas_espera_tecla.s ]
obj/interrupciones.rel                    [ rupturas.s ]
obj/sistemas/fisica_objetos_array.rel     [ fisica_objetos.s ]
obj/sistemas/pinta_con_puntero.rel        [ cpct_keyboard ]
obj/music/Demo.rel                        [  ]
obj/music/ingame.rel                      [  ]
obj/music/KellyOn.rel                     [  ]
obj/music/Smoke.rel                       [  ]


Libraries Linked                          [ object file ]

/home/papi/cpctelera/cpctelera/cpctelera.lib
                                          [ cpct_isKeyPressed.rel ]
/home/papi/cpctelera/cpctelera/cpctelera.lib
                                          [ cpct_scanKeyboard_f.rel ]
/home/papi/cpctelera/cpctelera/cpctelera.lib
                                          [ cpct_setPALColour_cbindings.rel ]
/home/papi/cpctelera/cpctelera/cpctelera.lib
                                          [ cpct_setPALColour_asmbindings.re ]
/home/papi/cpctelera/cpctelera/cpctelera.lib
                                          [ cpct_drawStringM0_cbindings.rel ]
/home/papi/cpctelera/cpctelera/cpctelera.lib
                                          [ cpct_drawStringM2_cbindings.rel ]
/home/papi/cpctelera/cpctelera/cpctelera.lib
                                          [ cpct_drawCharM0_inner.rel ]
/home/papi/cpctelera/cpctelera/cpctelera.lib
                                          [ cpct_drawSprite_cbindings.rel ]
/home/papi/cpctelera/cpctelera/cpctelera.lib
                                          [ cpct_drawSprite_asmbindings.rel ]
/home/papi/cpctelera/cpctelera/cpctelera.lib
                                          [ cpct_drawCharM2_inner.rel ]
/home/papi/cpctelera/cpctelera/cpctelera.lib
                                          [ cpct_drawCharM2_cbindings.rel ]
/home/papi/cpctelera/cpctelera/cpctelera.lib
                                          [ keyboard.rel ]
/home/papi/cpctelera/cpctelera/cpctelera.lib
                                          [ cpct_memset_f64_cbinding.rel ]
/home/papi/cpctelera/cpctelera/cpctelera.lib
                                          [ cpct_waitVSYNC.rel ]
/home/papi/cpctelera/cpctelera/cpctelera.lib
                                          [ cpct_setVideoMode_cbindings.rel ]
/home/papi/cpctelera/cpctelera/cpctelera.lib
                                          [ cpct_setVideoMode_asmbindings.re ]
/home/papi/cpctelera/cpctelera/cpctelera.lib
                                          [ cpct_isAnyKeyPressed_f.rel ]
/home/papi/cpctelera/cpctelera/cpctelera.lib
                                          [ cpct_memcpy_cbindings.rel ]
/home/papi/cpctelera/cpctelera/cpctelera.lib
                                          [ cpct_removeInterruptHandler.rel ]
/home/papi/cpctelera/cpctelera/cpctelera.lib
                                          [ cpct_drawSolidBox_cbindings.rel ]
/home/papi/cpctelera/cpctelera/cpctelera.lib
                                          [ cpc_mode_rom_status.rel ]
/home/papi/cpctelera/cpctelera/cpctelera.lib
                                          [ cpct_scanKeyboard.rel ]
/home/papi/cpctelera/cpctelera/cpctelera.lib
                                          [ cpct_getScreenPtr_cbindings.rel ]
/home/papi/cpctelera/cpctelera/cpctelera.lib
                                          [ cpct_getScreenPtr_asmbindings.re ]

ASxxxx Linker V03.00 + NoICE + sdld,  page 7.

User Base Address Definitions

_CODE = 0x4000
_DATA = 0x0000

